// Jest Snapshot v1, https://goo.gl/fbAQLP

exports[`should render expenses with 1 expense 1`] = `
<div
  className="box-layout"
>
  <div
    className="box-layout__box"
  >
    <h1
      className="box-layout__title"
    >
      BoilerPlate
    </h1>
    <p
      className="box-layout__text"
    >
      Tag line for app.
    </p>
    <div>
      <GoogleButton
        className="login-button"
        disabled={false}
        label="Sign in with Google"
        onClick={[Function]}
        tabIndex={0}
        type="light"
      />
    </div>
  </div>
</div>
`;
